{Abha=-32.6/18.0/70.3, Abidjan=-23.1/26.0/84.5, Abéché=-23.5/29.4/78.3, Accra=-21.2/26.4/76.3, Addis Ababa=-36.9/16.0/65.1, Adelaide=-30.4/17.3/65.9, Aden=-20.6/29.1/77.6, Ahvaz=-25.6/25.4/80.4, Albuquerque=-33.2/14.0/64.3, Alexandra=-42.9/11.0/59.8, Alexandria=-28.2/20.0/69.4, Algiers=-36.8/18.2/67.7, Alice Springs=-30.7/21.0/69.1, Almaty=-37.2/10.0/60.1, Amsterdam=-38.6/10.2/60.0, Anadyr=-57.5/-6.9/48.0, Anchorage=-48.2/2.8/51.4, Andorra la Vella=-39.3/9.8/56.5, Ankara=-37.4/12.0/62.5, Antananarivo=-30.7/17.9/65.8, Antsiranana=-23.2/25.2/72.9, Arkhangelsk=-45.8/1.3/52.7, Ashgabat=-33.4/17.1/68.2, Asmara=-31.0/15.6/67.0, Assab=-19.2/30.5/80.4, Astana=-49.8/3.5/51.0, Athens=-30.4/19.2/71.6, Atlanta=-31.6/17.0/64.3, Auckland=-34.0/15.2/65.2, Austin=-29.3/20.7/70.3, Baghdad=-28.4/22.8/76.3, Baguio=-30.5/19.5/67.0, Baku=-37.0/15.1/66.7, Baltimore=-37.1/13.1/63.6, Bamako=-21.8/27.8/80.5, Bangkok=-31.0/28.6/77.2, Bangui=-29.7/26.0/73.1, Banjul=-23.8/26.0/75.6, Barcelona=-35.7/18.2/64.9, Bata=-27.7/25.1/76.3, Batumi=-37.8/14.0/68.0, Beijing=-38.5/12.9/63.9, Beirut=-26.1/20.9/69.5, Belgrade=-35.2/12.5/66.4, Belize City=-24.0/26.7/73.9, Benghazi=-31.1/19.9/71.3, Bergen=-39.6/7.7/59.1, Berlin=-42.7/10.3/58.5, Bilbao=-36.0/14.7/65.8, Birao=-25.3/26.5/77.3, Bishkek=-36.2/11.3/57.2, Bissau=-28.9/27.0/81.2, Blantyre=-32.6/22.2/72.0, Bloemfontein=-32.5/15.6/67.0, Boise=-37.6/11.4/66.8, Bordeaux=-33.5/14.2/66.2, Bosaso=-22.0/30.0/79.4, Boston=-41.9/10.9/64.6, Bouaké=-22.7/26.0/81.2, Bratislava=-41.7/10.5/61.6, Brazzaville=-25.3/25.0/72.0, Bridgetown=-19.9/27.0/76.3, Brisbane=-31.2/21.4/69.3, Brussels=-41.7/10.5/62.5, Bucharest=-43.5/10.8/62.1, Budapest=-39.9/11.3/63.0, Bujumbura=-25.4/23.8/71.6, Bulawayo=-33.3/18.9/68.6, Burnie=-38.1/13.1/62.4, Busan=-34.6/15.0/62.3, Cabo San Lucas=-25.4/23.9/72.8, Cairns=-29.1/25.0/78.0, Cairo=-29.0/21.4/68.6, Calgary=-48.4/4.4/54.0, Canberra=-36.9/13.1/65.9, Cape Town=-33.9/16.2/65.0, Changsha=-34.4/17.4/67.2, Charlotte=-37.4/16.1/66.4, Chiang Mai=-31.4/25.8/76.0, Chicago=-38.5/9.8/63.2, Chihuahua=-32.2/18.6/64.8, Chittagong=-26.0/25.9/72.7, Chișinău=-37.2/10.2/62.1, Chongqing=-34.6/18.6/74.0, Christchurch=-40.2/12.2/64.8, City of San Marino=-36.8/11.8/63.9, Colombo=-27.6/27.4/75.6, Columbus=-37.2/11.7/68.0, Conakry=-23.9/26.4/72.4, Copenhagen=-42.3/9.1/57.3, Cotonou=-21.4/27.2/77.8, Cracow=-42.9/9.3/56.4, Da Lat=-29.6/17.9/68.6, Da Nang=-22.1/25.8/73.3, Dakar=-26.5/24.0/71.4, Dallas=-31.5/19.0/68.7, Damascus=-31.0/17.0/65.9, Dampier=-21.3/26.4/76.4, Dar es Salaam=-25.5/25.8/79.2, Darwin=-26.6/27.6/78.6, Denpasar=-29.1/23.7/76.3, Denver=-35.8/10.4/60.1, Detroit=-41.7/10.0/59.8, Dhaka=-22.6/25.9/75.9, Dikson=-65.7/-11.1/49.9, Dili=-22.0/26.6/78.5, Djibouti=-20.2/29.9/85.3, Dodoma=-25.3/22.7/72.5, Dolisie=-25.2/24.0/74.8, Douala=-25.2/26.7/80.4, Dubai=-25.0/26.9/79.3, Dublin=-41.9/9.8/62.5, Dunedin=-41.1/11.1/60.2, Durban=-34.2/20.6/67.9, Dushanbe=-37.0/14.7/65.0, Edinburgh=-45.2/9.3/59.2, Edmonton=-46.6/4.2/51.0, El Paso=-31.8/18.1/70.6, Entebbe=-28.1/21.0/70.3, Erbil=-27.9/19.5/64.5, Erzurum=-44.1/5.1/54.5, Fairbanks=-52.1/-2.3/50.0, Fianarantsoa=-35.7/17.9/67.9, Flores,  Petén=-22.9/26.4/81.6, Frankfurt=-48.2/10.6/60.7, Fresno=-30.9/17.9/68.6, Fukuoka=-38.5/17.0/67.9, Gaborone=-31.0/21.0/70.7, Gabès=-28.8/19.5/69.6, Gagnoa=-22.8/26.0/77.2, Gangtok=-37.3/15.2/62.3, Garissa=-17.8/29.3/79.1, Garoua=-24.0/28.3/78.7, George Town=-25.2/27.9/78.4, Ghanzi=-29.0/21.4/67.9, Gjoa Haven=-65.1/-14.4/37.5, Guadalajara=-33.6/20.9/69.0, Guangzhou=-26.5/22.4/71.5, Guatemala City=-26.4/20.4/71.7, Halifax=-43.3/7.5/58.7, Hamburg=-39.4/9.7/58.9, Hamilton=-37.7/13.8/66.3, Hanga Roa=-29.0/20.5/69.5, Hanoi=-24.0/23.6/77.0, Harare=-32.9/18.4/66.1, Harbin=-44.7/5.0/57.9, Hargeisa=-26.7/21.7/69.7, Hat Yai=-20.5/27.0/75.4, Havana=-25.5/25.2/78.5, Helsinki=-45.9/5.9/58.7, Heraklion=-30.4/18.9/68.1, Hiroshima=-33.0/16.3/63.8, Ho Chi Minh City=-21.1/27.4/82.5, Hobart=-39.0/12.7/63.4, Hong Kong=-28.8/23.3/74.3, Honiara=-27.0/26.5/74.7, Honolulu=-25.4/25.4/75.3, Houston=-26.9/20.8/69.4, Ifrane=-41.3/11.4/61.6, Indianapolis=-35.6/11.8/64.4, Iqaluit=-60.8/-9.3/39.8, Irkutsk=-48.4/1.0/57.3, Istanbul=-34.0/13.9/61.9, Jacksonville=-31.1/20.3/76.6, Jakarta=-22.9/26.7/77.2, Jayapura=-22.2/27.0/76.1, Jerusalem=-29.6/18.3/68.7, Johannesburg=-42.7/15.5/63.4, Jos=-25.7/22.8/78.1, Juba=-20.7/27.8/78.3, Kabul=-37.9/12.1/65.1, Kampala=-31.8/20.0/68.8, Kandi=-22.6/27.7/78.0, Kankan=-21.3/26.5/75.7, Kano=-27.0/26.4/79.2, Kansas City=-38.2/12.5/63.6, Karachi=-23.0/26.0/76.6, Karonga=-24.5/24.4/77.7, Kathmandu=-30.0/18.3/67.6, Khartoum=-24.0/29.9/78.2, Kingston=-18.9/27.4/75.0, Kinshasa=-28.8/25.3/78.5, Kolkata=-22.0/26.7/79.8, Kuala Lumpur=-23.4/27.3/77.0, Kumasi=-22.6/26.0/75.2, Kunming=-31.3/15.7/62.4, Kuopio=-44.6/3.4/58.6, Kuwait City=-27.4/25.7/73.4, Kyiv=-47.1/8.4/57.3, Kyoto=-38.5/15.8/67.6, La Ceiba=-23.8/26.2/75.6, La Paz=-26.4/23.7/74.1, Lagos=-29.2/26.8/82.8, Lahore=-24.5/24.3/71.7, Lake Havasu City=-24.1/23.7/71.1, Lake Tekapo=-39.6/8.7/61.5, Las Palmas de Gran Canaria=-28.5/21.2/71.3, Las Vegas=-31.6/20.3/68.9, Launceston=-38.1/13.1/62.6, Lhasa=-49.4/7.6/61.1, Libreville=-24.7/25.9/77.2, Lisbon=-35.6/17.5/64.6, Livingstone=-32.4/21.8/71.2, Ljubljana=-39.7/10.9/57.5, Lodwar=-19.5/29.3/78.7, Lomé=-26.2/26.9/78.5, London=-45.2/11.3/61.4, Los Angeles=-35.2/18.6/69.5, Louisville=-37.6/13.9/69.8, Luanda=-21.1/25.8/74.4, Lubumbashi=-34.0/20.8/72.3, Lusaka=-26.4/19.9/70.5, Luxembourg City=-39.0/9.3/60.3, Lviv=-41.2/7.8/55.5, Lyon=-42.6/12.5/62.1, Madrid=-35.1/15.0/72.6, Mahajanga=-24.0/26.3/75.1, Makassar=-24.8/26.7/75.3, Makurdi=-28.6/26.0/82.6, Malabo=-25.6/26.3/75.9, Malé=-21.8/28.0/75.6, Managua=-34.7/27.3/78.9, Manama=-21.3/26.5/73.8, Mandalay=-23.1/28.0/76.0, Mango=-23.4/28.1/77.4, Manila=-23.0/28.4/80.8, Maputo=-28.3/22.8/73.3, Marrakesh=-30.7/19.6/68.0, Marseille=-37.5/15.8/62.2, Maun=-27.4/22.4/76.0, Medan=-21.7/26.5/79.7, Mek'ele=-26.3/22.7/73.7, Melbourne=-32.9/15.1/65.7, Memphis=-29.1/17.2/63.2, Mexicali=-27.7/23.1/71.3, Mexico City=-35.6/17.5/67.3, Miami=-26.3/24.9/75.3, Milan=-39.2/13.0/62.7, Milwaukee=-40.6/8.9/60.6, Minneapolis=-41.6/7.8/60.2, Minsk=-43.3/6.7/54.1, Mogadishu=-21.2/27.1/76.1, Mombasa=-24.3/26.3/77.9, Monaco=-30.2/16.4/65.1, Moncton=-43.4/6.1/58.7, Monterrey=-24.7/22.3/71.7, Montreal=-43.0/6.8/55.1, Moscow=-45.6/5.8/56.1, Mumbai=-23.8/27.1/80.2, Murmansk=-48.7/0.6/58.1, Muscat=-22.5/28.0/80.5, Mzuzu=-30.7/17.7/67.1, N'Djamena=-24.7/28.3/77.9, Naha=-26.3/23.1/74.9, Nairobi=-30.9/17.8/67.4, Nakhon Ratchasima=-20.8/27.3/80.1, Napier=-35.9/14.6/63.9, Napoli=-36.5/15.9/64.0, Nashville=-37.1/15.4/67.3, Nassau=-24.7/24.6/78.4, Ndola=-32.4/20.3/69.6, New Delhi=-25.9/25.0/76.0, New Orleans=-31.6/20.7/72.7, New York City=-45.3/12.9/64.6, Ngaoundéré=-28.1/22.0/69.7, Niamey=-24.0/29.3/78.1, Nicosia=-36.7/19.7/66.1, Niigata=-35.7/13.9/62.2, Nouadhibou=-27.3/21.3/71.9, Nouakchott=-20.9/25.7/75.4, Novosibirsk=-47.0/1.7/48.6, Nuuk=-51.1/-1.4/58.4, Odesa=-37.7/10.7/62.0, Odienné=-20.9/26.0/73.9, Oklahoma City=-41.1/15.9/63.4, Omaha=-44.8/10.6/61.8, Oranjestad=-29.0/28.1/78.0, Oslo=-43.5/5.7/56.5, Ottawa=-44.9/6.6/56.1, Ouagadougou=-18.9/28.3/76.6, Ouahigouya=-24.0/28.6/77.5, Ouarzazate=-30.1/18.9/69.1, Oulu=-51.6/2.7/51.8, Palembang=-19.8/27.3/79.9, Palermo=-30.9/18.5/66.8, Palm Springs=-27.8/24.5/73.0, Palmerston North=-37.6/13.2/61.0, Panama City=-22.1/28.0/77.0, Parakou=-24.3/26.8/75.2, Paris=-36.6/12.3/73.3, Perth=-29.6/18.7/68.2, Petropavlovsk-Kamchatsky=-46.7/1.9/51.9, Philadelphia=-34.9/13.2/61.1, Phnom Penh=-19.4/28.3/81.1, Phoenix=-23.1/23.9/72.6, Pittsburgh=-41.4/10.8/58.9, Podgorica=-36.4/15.3/64.6, Pointe-Noire=-22.6/26.1/73.8, Pontianak=-20.8/27.7/75.5, Port Moresby=-28.8/26.9/74.2, Port Sudan=-20.8/28.4/83.9, Port Vila=-23.2/24.3/72.8, Port-Gentil=-26.4/26.0/74.8, Portland (OR)=-37.7/12.4/61.9, Porto=-37.1/15.7/62.3, Prague=-38.6/8.4/62.4, Praia=-21.6/24.4/73.6, Pretoria=-31.7/18.2/74.5, Pyongyang=-38.2/10.8/62.1, Rabat=-33.2/17.2/75.5, Rangpur=-25.5/24.4/73.0, Reggane=-19.8/28.3/75.7, Reykjavík=-46.3/4.3/54.8, Riga=-45.0/6.2/54.0, Riyadh=-23.7/26.0/75.0, Rome=-35.6/15.2/67.0, Roseau=-23.4/26.2/77.4, Rostov-on-Don=-41.0/9.9/63.3, Sacramento=-41.3/16.3/67.6, Saint Petersburg=-44.4/5.8/55.1, Saint-Pierre=-50.3/5.7/54.9, Salt Lake City=-38.3/11.6/62.3, San Antonio=-28.2/20.8/69.5, San Diego=-31.3/17.8/65.3, San Francisco=-37.8/14.6/66.2, San Jose=-33.0/16.4/65.5, San José=-24.9/22.6/72.3, San Juan=-27.7/27.2/80.4, San Salvador=-26.9/23.1/72.9, Sana'a=-31.3/20.0/71.9, Santo Domingo=-23.5/25.9/73.3, Sapporo=-41.2/8.9/57.2, Sarajevo=-36.5/10.1/60.5, Saskatoon=-46.3/3.3/53.4, Seattle=-39.2/11.3/62.9, Seoul=-44.5/12.5/61.7, Seville=-35.7/19.2/71.8, Shanghai=-33.6/16.7/69.2, Singapore=-24.0/27.0/83.1, Skopje=-39.3/12.4/63.5, Sochi=-32.9/14.2/65.3, Sofia=-37.2/10.6/62.3, Sokoto=-19.2/28.0/76.4, Split=-36.6/16.1/63.7, St. John's=-48.1/5.0/54.4, St. Louis=-35.0/13.9/63.3, Stockholm=-44.3/6.6/58.9, Surabaya=-23.3/27.1/75.2, Suva=-19.8/25.6/77.1, Suwałki=-41.1/7.2/54.7, Sydney=-32.6/17.7/66.4, Ségou=-20.3/28.0/83.7, Tabora=-26.3/23.0/71.2, Tabriz=-39.8/12.6/61.0, Taipei=-28.9/23.0/75.3, Tallinn=-42.1/6.4/55.8, Tamale=-17.7/27.9/76.3, Tamanrasset=-27.7/21.7/76.5, Tampa=-25.8/22.9/76.0, Tashkent=-37.2/14.8/65.6, Tauranga=-37.9/14.8/72.5, Tbilisi=-34.0/12.9/60.6, Tegucigalpa=-30.3/21.7/69.4, Tehran=-33.0/17.0/64.9, Tel Aviv=-30.8/20.0/70.3, Thessaloniki=-35.7/16.0/65.9, Thiès=-29.0/24.0/71.4, Tijuana=-34.1/17.8/65.7, Timbuktu=-18.0/28.0/75.9, Tirana=-35.6/15.2/68.8, Toamasina=-24.4/23.4/74.7, Tokyo=-32.0/15.4/67.9, Toliara=-25.8/24.1/73.9, Toluca=-33.6/12.4/62.6, Toronto=-40.3/9.4/57.0, Tripoli=-32.5/20.0/69.2, Tromsø=-47.1/2.9/52.5, Tucson=-27.1/20.9/69.9, Tunis=-31.0/18.4/66.5, Ulaanbaatar=-48.8/-0.4/47.0, Upington=-30.0/20.4/72.5, Vaduz=-37.8/10.1/58.1, Valencia=-35.4/18.3/69.1, Valletta=-32.5/18.8/70.9, Vancouver=-44.2/10.4/60.7, Veracruz=-24.1/25.4/81.7, Vienna=-38.1/10.4/59.4, Vientiane=-25.0/25.9/76.9, Villahermosa=-22.5/27.1/75.7, Vilnius=-40.7/6.0/61.6, Virginia Beach=-34.9/15.8/65.8, Vladivostok=-44.5/4.9/59.1, Warsaw=-47.0/8.5/57.3, Washington, D.C.=-33.8/14.6/68.4, Wau=-21.8/27.8/76.2, Wellington=-34.9/12.9/66.1, Whitehorse=-47.8/-0.1/48.5, Wichita=-36.0/13.9/61.4, Willemstad=-20.0/28.0/82.5, Winnipeg=-46.1/3.0/51.5, Wrocław=-39.3/9.6/57.4, Xi'an=-35.7/14.1/66.0, Yakutsk=-58.8/-8.8/39.6, Yangon=-24.2/27.5/78.2, Yaoundé=-27.6/23.8/72.7, Yellowknife=-61.2/-4.3/43.1, Yerevan=-40.4/12.4/60.5, Yinchuan=-40.9/9.0/57.2, Zagreb=-36.2/10.7/64.3, Zanzibar City=-23.2/26.0/77.1, Zürich=-37.7/9.3/60.1, Ürümqi=-42.0/7.4/56.7, İzmir=-34.7/17.9/67.5}
